"""
>>> from Model.set_up_class import SetUp
>>> SetUp.class_dict == {}
True
>>> SetUp.file_setup_name == ''
False
>>> SetUp.class_relationship == []
True
>>> SetUp.set_up_class_name('DiagramModel')
'DiagramModel'
>>> SetUp.set_up_class_name('TestModel')
'TestModel'
>>> SetUp.set_up_attribute_name('String data_name:')
'str  data_name:'
>>> SetUp.set_up_attribute_name('List id_number:')
'list  id_number:'
>>> SetUp.set_up_attribute_name('int count_students:')
'int  count_students:'
>>> SetUp.set_up_method_name('String name')
' name'
>>> SetUp.set_up_relationship('test_model: TestModel')
'test_model: TestModel'
>>> SetUp.clean_up_relationship('<|--')
' extension '
>>> SetUp.clean_up_relationship('*--')
' composition '
>>> SetUp.clean_up_relationship('o--')
' aggregation '
>>> SetUp.clean_up_relationship('-->')
' directed association '
>>> SetUp.clean_up_relationship('..|>')
' implementation '
>>> SetUp.clean_up_relationship('..>')
' dependency '
>>> SetUp.clean_up_relationship('<--*')
' composition association '
>>> SetUp.clean_up_relationship('x--')
' containment '
>>> SetUp.clean_up_relationship('}--')
' crows feet '
>>> SetUp.clean_up_relationship('^--')
' interface '
>>> SetUp.clean_up_relationship('..') #I had those last too higher up which failed
' inheritance '
>>> SetUp.clean_up_relationship('--')
': '
>>> SetUp.reverse_words('too word')
'word too'
>>> SetUp.clear_up_data('String')
'str '
>>> SetUp.clear_up_data('int')
'int '
>>> SetUp.clear_up_data('Float')
'float '
>>> SetUp.clear_up_data('Boolean')
'bool '
>>> SetUp.clear_up_data('List')
'list '
>>> SetUp.clear_up_data('Tuple')
'tuple '
>>> SetUp.clear_up_data('Dict')
'dict '

"""