"""
>>> from Model.set_up_diagram import SetUp
>>> SetUp(self.full_class_dict == {})
True

>>> SetUp(self.relationship_list == [])
True
>>> SetUp.set_up_class_name('DiagramModel')
'DiagramModel'
>>> SetUp.set_up_class_name('TestModel')
'TestModel'


>>> SetUp.set_up_attribute_name('String data_name:')
'str  data_name:'
>>> SetUp.set_up_attribute_name('List id_number:')
'list  id_number:'
>>> SetUp.set_up_attribute_name('int count_students:')
'int  count_students:'

>>> SetUp.set_up_method_name('String name')
' name'

>>> from Model.relationships import Relationships
>>> Relationships.set_up_relationship('test_model: TestModel')
'test_model: TestModel'
>>> Relationships.clean_up_relationship('<|--')
' extension '
>>> Relationships.clean_up_relationship('*--')
' composition '
>>> Relationships.clean_up_relationship('o--')
' aggregation '
>>> Relationships.clean_up_relationship('-->')
' directed association '
>>> Relationships.clean_up_relationship('..|>')
' implementation '
>>> Relationships.clean_up_relationship('..>')
' dependency '
>>> Relationships.clean_up_relationship('<--*')
' composition association '
>>> Relationships.clean_up_relationship('x--')
' containment '
>>> Relationships.clean_up_relationship('}--')
' crows feet '
>>> Relationships.clean_up_relationship('^--')
' interface '
>>> Relationships.clean_up_relationship('..') #I had those last too higher up which failed
' inheritance '
>>> Relationships.clean_up_relationship('--')
': '

>>> from Model.format_data import FormatData
>>> FormatData.reverse_words('too word')
'word too'
>>> FormatData.clear_up_data('String')
'str '
>>> FormatData.clear_up_data('int')
'int '
>>> FormatData.clear_up_data('Float')
'float '
>>> FormatData.clear_up_data('Boolean')
'bool '
>>> FormatData.clear_up_data('List')
'list '
>>> FormatData.clear_up_data('Tuple')
'tuple '
>>> FormatData.clear_up_data('Dict')
'dict '

from View.view_temp import ViewTemp
>>> ViewTemp.input_location()
'../Data/ClassDiagram.txt'
>>> ViewTemp.output_location() = '../DataOutput/output_file.py'
'../DataOutput/output_file.py'

"""